// Jest Snapshot v1, https://goo.gl/fbAQLP

exports[`HomePage container renders correctly 1`] = `
<div
  className="homePageWrapper"
>
  <div
    className="root"
  >
    <div
      className="name"
    >
      Where for lunch?
    </div>
    <div
      className="box"
    >
      <div />
      <div />
      <div />
      <div />
    </div>
  </div>
  <div
    className="searchWrapper"
  >
    <div
      className="root"
    >
      <span>
        radius:
      </span>
      <div
        className="root"
      >
        <input
          onBlur={[Function]}
          type="text"
        />
      </div>
      <span>
        meters
      </span>
    </div>
    <button
      className="root homepageClick"
      disabled={true}
      onClick={[Function]}
    />
  </div>
</div>
`;
